// Jest Snapshot v1, https://goo.gl/fbAQLP

exports[`should render 1`] = `
<div>
  <ExpenseForm
    onSubmit={[Function]}
  />
  <button
    data-oa-name="btn-remove"
    onClick={[Function]}
  >
    remove
  </button>
</div>
`;
