// Jest Snapshot v1, https://goo.gl/fbAQLP

exports[`should render expense dashboard page 1`] = `
<div>
  <p>
    Welcome to the expensify app
  </p>
  <Connect(ExpenseListFilters) />
  <Connect(ExpenseList) />
</div>
`;
