// Jest Snapshot v1, https://goo.gl/fbAQLP

exports[`should render expense list item 1`] = `
<div>
  <h4>
    Description: 
    gum
    Â  (
    <Link
      to="/edit/2"
    >
      Edit
    </Link>
    )
  </h4>
  <p>
    Amount: 
    99.00
  </p>
  <p>
    Created at: 
    16th April, 2020
  </p>
</div>
`;
