// Jest Snapshot v1, https://goo.gl/fbAQLP

exports[`should render Heading correctly 1`] = `
<header>
  <h1>
    Expensify
  </h1>
  <Nav />
</header>
`;
